../Core/Src/main.c:128:6:SysTick_Init	4	static
../Core/Src/main.c:136:6:SysTick_Delay_us	16	static
../Core/Src/main.c:156:1:__io_putchar	16	static
../Core/Src/main.c:194:5:main	648	static
../Core/Src/main.c:770:6:SystemClock_Config	72	static
../Core/Src/main.c:809:13:MX_I2C1_Init	8	static
../Core/Src/main.c:843:13:MX_I2C2_Init	8	static
../Core/Src/main.c:877:13:MX_SPI1_Init	8	static
../Core/Src/main.c:915:13:MX_TIM2_Init	64	static
../Core/Src/main.c:974:13:MX_TIM3_Init	64	static
../Core/Src/main.c:1033:13:MX_USART1_UART_Init	8	static
../Core/Src/main.c:1066:13:MX_USART2_UART_Init	8	static
../Core/Src/main.c:1099:13:MX_GPIO_Init	40	static
../Core/Src/main.c:1136:6:HAL_TIM_PeriodElapsedCallback	16	static
../Core/Src/main.c:1151:10:Matrix_gen	56	static
../Core/Src/main.c:1188:6:Matrix_free	32	static
../Core/Src/main.c:1199:9:Matrix_gen_2dim	40	static
../Core/Src/main.c:1219:6:Matrix_free_2dim	24	static
../Core/Src/main.c:1228:7:average_filter	24	static
../Core/Src/main.c:1253:9:inv_2x2	32	static
../Core/Src/main.c:1277:9:Transpose	48	static
../Core/Src/main.c:1299:9:Matrix_adder	48	static
../Core/Src/main.c:1327:9:Matrix_multiplicator	56	static
../Core/Src/main.c:1348:11:KF_alg	104	static
../Core/Src/main.c:1427:18:scalar_KF_alg	72	static
../Core/Src/main.c:1473:6:Error_Handler	4	static,ignoring_inline_asm
